// Jest Snapshot v1, https://goo.gl/fbAQLP

exports[`rendering test renders as expected 1`] = `
<Styled(View)
  style={
    Object {
      "marginRight": 80,
      "marginTop": 20,
    }
  }
>
  <View
    style={
      Object {
        "marginRight": 8,
      }
    }
  >
    <TouchableOpacity
      activeOpacity={0.2}
      delayLongPress={600}
      extraButtonProps={
        Object {
          "rippleColor": "transparent",
        }
      }
    >
      <FA5iconClass
        color="rgb(65,77,107)"
        light={true}
        name="meh"
        size={40}
        solid={false}
      />
    </TouchableOpacity>
  </View>
  <View
    style={
      Object {
        "flexDirection": "column",
      }
    }
  >
    <Styled(Text) />
    <View
      style={
        Object {
          "backgroundColor": "white",
          "borderColor": "rgb(225,225,225)",
          "borderRadius": 3,
          "borderWidth": 1,
          "marginRight": 8,
          "marginVertical": 4,
          "padding": 12,
          "shadowColor": undefined,
          "shadowOffset": Object {
            "height": 2,
            "width": 0,
          },
        }
      }
    >
      <Styled(Text) />
    </View>
    <Styled(Text)>
      0 : 0
    </Styled(Text)>
  </View>
</Styled(View)>
`;
