// Jest Snapshot v1, https://goo.gl/fbAQLP

exports[`rendering test renders as expected 1`] = `
<Styled(View)
  style={
    Object {
      "marginTop": 20,
    }
  }
>
  <View
    style={
      Object {
        "marginRight": 8,
      }
    }
  >
    <FA5iconClass
      color="rgb(65,77,107)"
      light={true}
      name="meh"
      size={40}
      solid={false}
    />
  </View>
  <View
    style={
      Object {
        "flexDirection": "column",
      }
    }
  >
    <Styled(Text) />
    <View
      style={
        Object {
          "backgroundColor": "white",
          "borderColor": "rgb(225,225,225)",
          "borderRadius": 3,
          "borderWidth": 1,
          "marginRight": 8,
          "padding": 12,
          "shadowColor": undefined,
          "shadowOffset": Object {
            "height": 2,
            "width": 0,
          },
        }
      }
    >
      <Styled(Text) />
    </View>
  </View>
  <Styled(Text)>
    0 : 0
  </Styled(Text)>
</Styled(View)>
`;
