// Jest Snapshot v1, https://goo.gl/fbAQLP

exports[`rendering test renders as expected 1`] = `
<View
  style={
    Object {
      "width": "100%",
    }
  }
>
  <TouchableOpacity
    activeOpacity={0.5}
  >
    <View
      style={
        Object {
          "alignItems": "center",
          "backgroundColor": "white",
          "borderBottomWidth": 1,
          "borderColor": "rgb(245,245,245)",
          "flexDirection": "row",
          "height": 80,
          "justifyContent": "flex-start",
          "paddingHorizontal": 20,
        }
      }
    >
      <Component
        color="rgb(65,77,107)"
        light={true}
        name="meh"
        size={40}
      />
      <Text
        style={
          Object {
            "color": "rgb(65,77,107)",
            "fontSize": 14,
            "marginLeft": 12,
            "width": 100,
          }
        }
      />
      <View />
    </View>
  </TouchableOpacity>
</View>
`;
