// Jest Snapshot v1, https://goo.gl/fbAQLP

exports[`rendering test renders as expected 1`] = `
<SafeAreaView
  style={
    Object {
      "alignItems": "center",
      "backgroundColor": "white",
      "flex": 1,
      "flexDirection": "column",
    }
  }
>
  <KeyboardAvoidingView
    behavior="padding"
    enabled={true}
    keyboardVerticalOffset={88}
    style={
      Object {
        "alignItems": "center",
        "alignSelf": "stretch",
        "flex": 1,
        "flexDirection": "column",
        "justifyContent": "center",
      }
    }
  >
    <FlatList
      ListEmptyComponent={
        <Shared
          style={
            Object {
              "alignItems": "center",
              "alignSelf": "stretch",
              "flex": 1,
              "justifyContent": "center",
              "width": "100%",
            }
          }
        >
          No content
        </Shared>
      }
      contentContainerStyle={null}
      data={
        Array [
          Chat {
            "created": undefined,
            "id": "",
            "message": "hello1",
            "sender": User {
              "Chatrooms": Array [],
              "chatrooms": undefined,
              "created": undefined,
              "displayName": "sender111",
              "friends": undefined,
              "isOnline": undefined,
              "photoURL": "",
              "statusMsg": undefined,
              "uid": "0",
              "updated": undefined,
            },
            "updated": undefined,
          },
          Chat {
            "created": undefined,
            "id": "",
            "message": "Hello2. This is long message. This is long message. This is long message. This is long message. This is long message. This is long message. This is long message. This is long message. This is long message. This is long message. This is long message.",
            "sender": User {
              "Chatrooms": Array [],
              "chatrooms": undefined,
              "created": undefined,
              "displayName": "sender111",
              "friends": undefined,
              "isOnline": undefined,
              "photoURL": "",
              "statusMsg": undefined,
              "uid": "0",
              "updated": undefined,
            },
            "updated": undefined,
          },
          Chat {
            "created": undefined,
            "id": "",
            "message": "hello",
            "sender": User {
              "Chatrooms": Array [],
              "chatrooms": undefined,
              "created": undefined,
              "displayName": "sender2222",
              "friends": undefined,
              "isOnline": undefined,
              "photoURL": "",
              "statusMsg": undefined,
              "uid": "1",
              "updated": undefined,
            },
            "updated": undefined,
          },
          Chat {
            "created": undefined,
            "id": "",
            "message": "hello",
            "sender": User {
              "Chatrooms": Array [],
              "chatrooms": undefined,
              "created": undefined,
              "displayName": "sender2222",
              "friends": undefined,
              "isOnline": undefined,
              "photoURL": "",
              "statusMsg": undefined,
              "uid": "2",
              "updated": undefined,
            },
            "updated": undefined,
          },
          Chat {
            "created": undefined,
            "id": "",
            "message": "hello. This is my long message. This is my long message. This is my long message. This is my long message. This is my long message. This is my long message. This is my long message. This is my long message. This is my long message.",
            "sender": User {
              "Chatrooms": Array [],
              "chatrooms": undefined,
              "created": undefined,
              "displayName": "sender2222",
              "friends": undefined,
              "isOnline": undefined,
              "photoURL": "",
              "statusMsg": undefined,
              "uid": "2",
              "updated": undefined,
            },
            "updated": undefined,
          },
        ]
      }
      disableVirtualization={false}
      horizontal={false}
      initialNumToRender={10}
      keyExtractor={[Function]}
      maxToRenderPerBatch={10}
      numColumns={1}
      onEndReachedThreshold={2}
      removeClippedSubviews={false}
      renderItem={[Function]}
      scrollEventThrottle={50}
      style={
        Object {
          "alignSelf": "stretch",
        }
      }
      updateCellsBatchingPeriod={50}
      windowSize={21}
    />
    <View
      style={
        Object {
          "alignItems": "center",
          "borderColor": "rgb(225,225,225)",
          "borderTopWidth": 0.5,
          "flexDirection": "row",
          "justifyContent": "flex-end",
          "maxHeight": 100,
          "minHeight": 52,
          "width": "100%",
        }
      }
    >
      <TextInput
        allowFontScaling={true}
        defaultValue=""
        multiline={true}
        onChangeText={[Function]}
        placeholder="Write message..."
        placeholderTextColor="rgb(175,194,219)"
        rejectResponderTermination={true}
        style={
          Object {
            "color": "black",
            "fontSize": 14,
            "marginRight": 20,
            "paddingLeft": 48,
            "width": "80%",
          }
        }
        underlineColorAndroid="transparent"
        value=""
      />
      <TouchableOpacity
        activeOpacity={0.2}
        onPress={[Function]}
        style={
          Object {
            "height": "100%",
            "justifyContent": "center",
            "left": 10,
            "minWidth": 20,
            "position": "absolute",
          }
        }
      >
        <Image
          source={
            Object {
              "testUri": "../../../assets/icons/icSmile.png",
            }
          }
          style={
            Object {
              "height": 20,
              "width": 20,
            }
          }
        />
      </TouchableOpacity>
      <Button
        activeOpacity={0.5}
        height={60}
        indicatorColor="white"
        isDisabled={false}
        isLoading={false}
        isWhite={false}
        onPress={[Function]}
        style={
          Object {
            "alignItems": "center",
            "backgroundColor": "rgb(58,139,255)",
            "borderRadius": 4,
            "height": 36,
            "justifyContent": "center",
            "right": 8,
            "width": 60,
          }
        }
        textStyle={
          Object {
            "color": "white",
            "fontSize": 14,
            "fontWeight": "bold",
            "paddingHorizontal": 5,
            "paddingVertical": 10,
          }
        }
        width={136}
      >
        Send
      </Button>
    </View>
  </KeyboardAvoidingView>
</SafeAreaView>
`;
