// Jest Snapshot v1, https://goo.gl/fbAQLP

exports[`rendering test renders as expected 1`] = `
<View
  style={
    Object {
      "alignItems": "center",
      "backgroundColor": "transparent",
      "flex": 1,
      "flexDirection": "column",
      "justifyContent": "center",
    }
  }
>
  <AnimatedComponent
    source={
      Object {
        "testUri": "../../../assets/icons/mask.png",
      }
    }
    style={
      Object {
        "height": 124.99999999999999,
        "marginBottom": 33.33333333333333,
        "transform": Array [
          Object {
            "rotate": "0deg",
          },
        ],
        "width": 124.99999999999999,
      }
    }
  />
  <Text
    animation="fadeIn"
    direction="alternate"
    iterationCount="infinite"
    style={
      Object {
        "color": "rgb(58,139,255)",
        "fontSize": 33.33333333333333,
      }
    }
  >
    LOADING...
  </Text>
</View>
`;
