// Jest Snapshot v1, https://goo.gl/fbAQLP

exports[`rendering test renders as expected 1`] = `
<SafeAreaView>
  <Styled(ScrollView)>
    <Shared
      isDarkContent={true}
    />
    <Styled(View)>
      <Styled(View)>
        <Styled(Component)
          source={
            Object {
              "testUri": "../../../assets/icons/icon.png",
            }
          }
        />
        <Styled(Text)>
          Hello
          .
        </Styled(Text)>
      </Styled(View)>
      <Styled(View)>
        <Shared
          labelStyle={
            Object {
              "color": "rgb(134,154,183)",
              "fontSize": 12,
              "marginBottom": 8,
            }
          }
          labelStyleFocus={
            Object {
              "color": "rgb(58,139,255)",
              "fontSize": 12,
              "marginBottom": 8,
            }
          }
          onTextChanged={[Function]}
          style={
            Object {
              "alignItems": "flex-start",
              "alignSelf": "stretch",
              "flexDirection": "column",
              "justifyContent": "flex-start",
            }
          }
          txt=""
          txtHint="Email"
        />
        <Shared
          isPassword={true}
          labelStyle={
            Object {
              "color": "rgb(134,154,183)",
              "fontSize": 12,
              "marginBottom": 8,
            }
          }
          labelStyleFocus={
            Object {
              "color": "rgb(58,139,255)",
              "fontSize": 12,
              "marginBottom": 8,
            }
          }
          onTextChanged={[Function]}
          style={
            Object {
              "marginTop": 8,
            }
          }
          txt=""
          txtHint="Password"
        />
        <Styled(View)>
          <Button
            activeOpacity={0.5}
            constainerStyle={
              Object {
                "flex": 1,
              }
            }
            height={60}
            id="signup"
            indicatorColor="white"
            isDisabled={false}
            isLoading={false}
            isWhite={true}
            onPress={[Function]}
            width={136}
          >
            Sign Up
          </Button>
          <View
            style={
              Object {
                "width": 8,
              }
            }
          />
          <Button
            activeOpacity={0.5}
            constainerStyle={
              Object {
                "flex": 1,
              }
            }
            height={60}
            id="login"
            indicatorColor="white"
            isDisabled={false}
            isLoading={false}
            isWhite={false}
            onPress={[Function]}
            width={136}
          >
            Login
          </Button>
        </Styled(View)>
        <View
          style={
            Object {
              "height": 16,
            }
          }
        />
        <TouchableOpacity
          activeOpacity={0.5}
          onPress={[Function]}
        >
          <Styled(Text)>
            Forgot password?
          </Styled(Text)>
        </TouchableOpacity>
        <Styled(Text)>
          copyright by dooboolab.com
        </Styled(Text)>
      </Styled(View)>
    </Styled(View)>
  </Styled(ScrollView)>
</SafeAreaView>
`;
