// Jest Snapshot v1, https://goo.gl/fbAQLP

exports[`rendering test should render as expected 1`] = `
<View
  style={
    Object {
      "alignItems": "center",
      "backgroundColor": "transparent",
      "flex": 1,
      "flexDirection": "column",
      "justifyContent": "center",
    }
  }
>
  <FlatList
    ListEmptyComponent={
      <Shared
        style={
          Object {
            "alignItems": "center",
            "alignSelf": "stretch",
            "flex": 1,
            "justifyContent": "center",
            "width": "100%",
          }
        }
      >
        No content
      </Shared>
    }
    contentContainerStyle={null}
    data={
      Array [
        Object {
          "count": 6,
          "date": 2019-01-01T03:58:30.311Z,
          "displayName": "dooboolab",
          "id": 1,
          "img": null,
          "msg": "When are you finishing??",
          "status": true,
        },
        Object {
          "count": 0,
          "date": 2019-01-01T03:58:30.311Z,
          "displayName": "Byun8585",
          "id": 2,
          "img": null,
          "msg": "Hi. This is student from react-native...",
          "status": false,
        },
      ]
    }
    disableVirtualization={false}
    horizontal={false}
    initialNumToRender={10}
    keyExtractor={[Function]}
    maxToRenderPerBatch={10}
    numColumns={1}
    onEndReachedThreshold={2}
    renderItem={[Function]}
    scrollEventThrottle={50}
    style={
      Object {
        "alignSelf": "stretch",
      }
    }
    updateCellsBatchingPeriod={50}
    windowSize={21}
  />
</View>
`;
