// Jest Snapshot v1, https://goo.gl/fbAQLP

exports[`rendering test renders as expected 1`] = `
<View
  style={
    Object {
      "alignItems": "center",
      "backgroundColor": "white",
      "flex": 1,
      "flexDirection": "column",
    }
  }
>
  <Shared
    isDarkContent={true}
  />
  <ScrollView
    contentContainerStyle={
      Object {
        "alignItems": "center",
        "justifyContent": "center",
      }
    }
    style={
      Object {
        "alignSelf": "stretch",
      }
    }
  >
    <View
      style={
        Object {
          "alignItems": "center",
          "flexDirection": "column",
          "marginTop": 40,
          "width": "78%",
        }
      }
    >
      <Shared
        labelStyle={
          Object {
            "color": "rgb(134,154,183)",
            "fontSize": 12,
            "marginBottom": 8,
          }
        }
        labelStyleFocus={
          Object {
            "color": "rgb(58,139,255)",
            "fontSize": 12,
            "marginBottom": 8,
          }
        }
        onTextChanged={[Function]}
        style={
          Object {
            "marginTop": 8,
          }
        }
        txt=""
        txtHint="Email"
        txtLabel="Email"
      />
      <Shared
        isPassword={true}
        labelStyle={
          Object {
            "color": "rgb(134,154,183)",
            "fontSize": 12,
            "marginBottom": 8,
          }
        }
        labelStyleFocus={
          Object {
            "color": "rgb(58,139,255)",
            "fontSize": 12,
            "marginBottom": 8,
          }
        }
        onTextChanged={[Function]}
        style={
          Object {
            "marginTop": 24,
          }
        }
        txt=""
        txtHint="Password"
        txtLabel="Password"
      />
      <Shared
        labelStyle={
          Object {
            "color": "rgb(134,154,183)",
            "fontSize": 12,
            "marginBottom": 8,
          }
        }
        labelStyleFocus={
          Object {
            "color": "rgb(58,139,255)",
            "fontSize": 12,
            "marginBottom": 8,
          }
        }
        onTextChanged={[Function]}
        style={
          Object {
            "marginTop": 24,
          }
        }
        txt=""
        txtHint="NAME"
        txtLabel="NAME"
      />
      <Shared
        labelStyle={
          Object {
            "color": "rgb(134,154,183)",
            "fontSize": 12,
            "marginBottom": 8,
          }
        }
        labelStyleFocus={
          Object {
            "color": "rgb(58,139,255)",
            "fontSize": 12,
            "marginBottom": 8,
          }
        }
        onTextChanged={[Function]}
        style={
          Object {
            "marginTop": 24,
          }
        }
        txt=""
        txtHint="Status message"
        txtLabel="Status message"
      />
      <View
        style={
          Object {
            "alignItems": "flex-end",
            "width": "100%",
          }
        }
      >
        <Button
          activeOpacity={0.5}
          id="register"
          imgLeftStyle={
            Object {
              "height": 24,
              "left": 16,
              "position": "absolute",
              "width": 24,
            }
          }
          indicatorColor="white"
          isDisabled={false}
          isLoading={false}
          onPress={[Function]}
          style={
            Object {
              "alignItems": "center",
              "backgroundColor": "rgb(58,139,255)",
              "borderColor": "rgb(58,139,255)",
              "borderRadius": 4,
              "borderWidth": 1,
              "height": 60,
              "justifyContent": "center",
              "marginBottom": 48,
              "marginLeft": 4,
              "marginTop": 24,
              "shadowColor": "rgb(58,139,255)",
              "shadowOffset": Object {
                "height": 10,
                "width": 0,
              },
              "shadowOpacity": 0.3,
              "shadowRadius": 4,
              "width": 136,
            }
          }
          textStyle={
            Object {
              "color": "white",
              "fontSize": 16,
              "fontWeight": "bold",
            }
          }
        >
          REGISTER
        </Button>
      </View>
    </View>
  </ScrollView>
</View>
`;
