// Jest Snapshot v1, https://goo.gl/fbAQLP

exports[`rendering test renders as expected 1`] = `
<Styled(View)>
  <Shared
    isDarkContent={true}
  />
  <Styled(ScrollView)
    contentContainerStyle={
      Object {
        "alignItems": "center",
        "justifyContent": "center",
      }
    }
  >
    <Styled(View)>
      <Shared
        labelStyle={
          Object {
            "color": "rgb(134,154,183)",
            "fontSize": 12,
            "marginBottom": 8,
          }
        }
        labelStyleFocus={
          Object {
            "color": "rgb(58,139,255)",
            "fontSize": 12,
            "marginBottom": 8,
          }
        }
        onTextChanged={[Function]}
        style={
          Object {
            "marginTop": 8,
          }
        }
        txt=""
        txtHint="Email"
        txtLabel="Email"
      />
      <Shared
        isPassword={true}
        labelStyle={
          Object {
            "color": "rgb(134,154,183)",
            "fontSize": 12,
            "marginBottom": 8,
          }
        }
        labelStyleFocus={
          Object {
            "color": "rgb(58,139,255)",
            "fontSize": 12,
            "marginBottom": 8,
          }
        }
        onTextChanged={[Function]}
        style={
          Object {
            "marginTop": 24,
          }
        }
        txt=""
        txtHint="Password"
        txtLabel="Password"
      />
      <Shared
        labelStyle={
          Object {
            "color": "rgb(134,154,183)",
            "fontSize": 12,
            "marginBottom": 8,
          }
        }
        labelStyleFocus={
          Object {
            "color": "rgb(58,139,255)",
            "fontSize": 12,
            "marginBottom": 8,
          }
        }
        onTextChanged={[Function]}
        style={
          Object {
            "marginTop": 24,
          }
        }
        txt=""
        txtHint="name"
        txtLabel="name"
      />
      <Shared
        labelStyle={
          Object {
            "color": "rgb(134,154,183)",
            "fontSize": 12,
            "marginBottom": 8,
          }
        }
        labelStyleFocus={
          Object {
            "color": "rgb(58,139,255)",
            "fontSize": 12,
            "marginBottom": 8,
          }
        }
        onTextChanged={[Function]}
        style={
          Object {
            "marginTop": 24,
          }
        }
        txt=""
        txtHint="Status message"
        txtLabel="Status message"
      />
      <Styled(View)>
        <Button
          activeOpacity={0.5}
          height={60}
          id="register"
          indicatorColor="white"
          isDisabled={false}
          isLoading={false}
          isWhite={false}
          onPress={[Function]}
          width={136}
        >
          Register
        </Button>
      </Styled(View)>
    </Styled(View)>
  </Styled(ScrollView)>
</Styled(View)>
`;
